// Jest Snapshot v1, https://goo.gl/fbAQLP

exports[`src/ts/components/DetailView Rendering renders default correctly 1`] = `
<div>
  <Hero
    title="Restaurants"
  />
</div>
`;
