// Jest Snapshot v1, https://goo.gl/fbAQLP

exports[`FilterRestaurants Component Prices Dropdown -- Initial Render Should render component with all properties without errors 1`] = `
<div
  className="dd-container-wrapper"
>
  <div
    className="dd-container"
  >
    <div
      className="dd-filter"
    >
      Filter By:
    </div>
    <div
      className="dd-open"
      onClick={[Function]}
    >
      <svg
        aria-hidden="true"
        className="svg-inline--fa fa-circle fa-w-16 "
        color="#002B56"
        data-icon="circle"
        data-prefix="far"
        focusable="false"
        role="img"
        style={Object {}}
        viewBox="0 0 512 512"
        xmlns="http://www.w3.org/2000/svg"
      >
        <path
          d="M256 8C119 8 8 119 8 256s111 248 248 248 248-111 248-248S393 8 256 8zm0 448c-110.5 0-200-89.5-200-200S145.5 56 256 56s200 89.5 200 200-89.5 200-200 200z"
          fill="currentColor"
          style={Object {}}
        />
      </svg>
        Open Now
    </div>
    <div
      className="dd-dd1"
    >
      <div
        className="dd-header"
      >
        <div
          className="dd-header-title"
          onClick={[Function]}
        >
          Price  
          <svg
            aria-hidden="true"
            className="svg-inline--fa fa-angle-down fa-w-10 "
            color="#C8C8C8"
            data-icon="angle-down"
            data-prefix="fas"
            focusable="false"
            role="img"
            style={Object {}}
            viewBox="0 0 320 512"
            xmlns="http://www.w3.org/2000/svg"
          >
            <path
              d="M143 352.3L7 216.3c-9.4-9.4-9.4-24.6 0-33.9l22.6-22.6c9.4-9.4 24.6-9.4 33.9 0l96.4 96.4 96.4-96.4c9.4-9.4 24.6-9.4 33.9 0l22.6 22.6c9.4 9.4 9.4 24.6 0 33.9l-136 136c-9.2 9.4-24.4 9.4-33.8 0z"
              fill="currentColor"
              style={Object {}}
            />
          </svg>
        </div>
      </div>
    </div>
    <div
      className="dd-dd2"
    >
      <div
        className="dd-header"
      >
        <div
          className="dd-header-title"
          onClick={[Function]}
        >
          Categories  
          <svg
            aria-hidden="true"
            className="svg-inline--fa fa-angle-down fa-w-10 "
            color="#C8C8C8"
            data-icon="angle-down"
            data-prefix="fas"
            focusable="false"
            role="img"
            style={Object {}}
            viewBox="0 0 320 512"
            xmlns="http://www.w3.org/2000/svg"
          >
            <path
              d="M143 352.3L7 216.3c-9.4-9.4-9.4-24.6 0-33.9l22.6-22.6c9.4-9.4 24.6-9.4 33.9 0l96.4 96.4 96.4-96.4c9.4-9.4 24.6-9.4 33.9 0l22.6 22.6c9.4 9.4 9.4 24.6 0 33.9l-136 136c-9.2 9.4-24.4 9.4-33.8 0z"
              fill="currentColor"
              style={Object {}}
            />
          </svg>
        </div>
      </div>
    </div>
    <div
      className="dd-button"
    >
      <button
        className="dd-btn"
        disabled={true}
        onClick={[Function]}
      >
         CLEAR ALL 
      </button>
    </div>
  </div>
</div>
`;
