// Jest Snapshot v1, https://goo.gl/fbAQLP

exports[`App should render without failing 1`] = `
<App__Paragraph>
  Superformula app 
  <Rating
    max={5}
    rating={0}
  />
</App__Paragraph>
`;
