// Jest Snapshot v1, https://goo.gl/fbAQLP

exports[`GenericLabel should render without failing 1`] = `
.c0 {
  text-transform: capitalize;
  font-size: 12px;
  font-weight: 400;
  color: #757575;
}

<GenericLabel>
  <span
    className="c0"
  >
    Lorem ipsum
  </span>
</GenericLabel>
`;
