// Jest Snapshot v1, https://goo.gl/fbAQLP

exports[`COLORS should have proper values 1`] = `
Object {
  "BLACK": "#000",
  "GRAY_100": "#F2F2F2",
  "GRAY_200": "#E6E6E6",
  "GRAY_300": "#D8D8D8",
  "GRAY_400": "#C8C8C8",
  "GRAY_500": "#969696",
  "GRAY_600": "#757575",
  "GRAY_700": "#666666",
  "GRAY_800": "#606060",
  "GRAY_900": "#333",
  "GREEN": "#00E8A4",
  "PRIMARY": "#002B56",
  "RED": "#FF3548",
  "WHITE": "#FFF",
}
`;
