// Jest Snapshot v1, https://goo.gl/fbAQLP

exports[`OpenClosedIndicator should render correctly 1`] = `
<div
  className="open-closed-indicator"
>
  <div
    className="indicator open"
  />
  open now
</div>
`;
